exports[`test capitalize works 1`] = `"Some sentence"`;

exports[`test description works 1`] = `"Some sentence."`;

exports[`test it works 1`] = `"\`inverse\` and \`secondary\`."`;

exports[`test it works with custom word 1`] = `"\`inverse\` or \`secondary\`."`;

exports[`test menuItem works 1`] = `"- **[Some sentence](#some-sentence)**"`;

exports[`test notice works 1`] = `undefined`;

exports[`test sectionTitle works 1`] = `
"
        <a name=some title></a>
        #### Some title
    "
`;

exports[`test title works 1`] = `"## Block \`prefix-block\`"`;
