// Jest Snapshot v1, https://goo.gl/fbAQLP

exports[`capitalize works 1`] = `"Some sentence"`;

exports[`description works 1`] = `"Some sentence."`;

exports[`it works 1`] = `"\`inverse\` and \`secondary\`."`;

exports[`it works with custom word 1`] = `"\`inverse\` or \`secondary\`."`;

exports[`menuItem works 1`] = `"- **[Some sentence](#some-sentence)**"`;

exports[`notice works 1`] = `undefined`;

exports[`sectionTitle works 1`] = `
"
        <a name=some title></a>
        #### Some title
    "
`;

exports[`title works 1`] = `"## Block \`prefix-block\`"`;
