// Jest Snapshot v1, https://goo.gl/fbAQLP

exports[`it works 1`] = `
"## Block \`block\`
> Some intro


###### Table of contents
- **[Theming](#theming)**
- **[Modifiers](#modifiers)**
- **[States](#states)**
- **[Elements](#elements)**
- **[Component overview](#component-overview)**
- **[Contributing](#contributing)**



<a name=Usage></a>
#### Usage

<div class=\\"block\\">…</div>



<a name=Theming></a>
#### Theming

The \`block\` supports [\`theming\`](../CONVENTIONS.md) and can change its
appearance when paired with the \`prefix-undefined\` class.
Note however, that themes may apply only for parts of the component.

\`\`\`html
<div class=\\"block prefix-undefined\\">…</div>
<!-- or using nesting -->
<div class=\\"prefix-undefined\\">
<div class=\\"block\\">…</div>
</div>
\`\`\`
<sub>See the [Component Overview](#component-overview) for more details.</sub>



<a name=modifier></a>
#### Modifier


The block component makes use of
[\`modifiers\`](../CONVENTIONS.md#modifiers) to alter its appearance
.

\`\`\`html
<div class=\\"block block--modifier\\">…</div>
\`\`\`

#####All component \`modifier\`


| Name | Description |
|:-----|:-----|
| **\`modifier\`** | Some description... |


<sub>See the [Component Overview](#component-overview) for more details</sub>



<a name=states></a>
#### States


The block component makes use of
[\`modifiers\`](../CONVENTIONS.md#modifiers) to alter its appearance
.

\`\`\`html
undefined
\`\`\`

#####All component \`states\`


| Name | Description |
|:-----|:-----|
| **\`dimmed\`** | Some description... |


<sub>See the [Component Overview](#component-overview) for more details</sub>



<a name=elements></a>
#### Elements


The block component makes use of
[\`modifiers\`](../CONVENTIONS.md#modifiers) to alter its appearance
.

\`\`\`html
<div class=\\"block__element\\">…</div>
\`\`\`

#####All component \`elements\`


| Name | Description |
|:-----|:-----|
| **\`element\`** | Some description... |


<sub>See the [Component Overview](#component-overview) for more details</sub>


<a name=Component Overview></a>
#### Component Overview
| Class Name | Type | States | Tag |
|:-----|:-----|:-----|:-----|
| **[\`block\`](#block)** | [component](../CONVENTIONS.md#components) | None | N/A |
| **[\`modifier\`](#modifier)** | [modifier](../CONVENTIONS.md#modifiers) | None | N/A |
| **[\`element\`](#element)** | [element](../CONVENTIONS.md#elements) | None | N/A |
| **[\`element-modifier\`](#element-modifier)** | [modifier](../CONVENTIONS.md#modifiers) | None | N/A |




<a name=block></a>
#### \`block\` (mandatory)
> Some description...
<div class=\\"block\\">…</div>
Elements using this class will change appearance when used inside [theme]
(../CONVENTIONS.md#theming) \`inverse\`.
The component will react to \`hover\`. states
###### Specifications

- **Tag:** div- **Mandatory:** true
----------


<a name=modifier></a>
#### \`modifier\` (mandatory)
> Some description...
<div class=\\"block block--modifier\\">…</div>
Elements using this class will change appearance when used inside [theme]
(../CONVENTIONS.md#theming) \`inverse\`.
The component will react to \`hover\`. states
###### Specifications

- **Tag:** div- **Mandatory:** true
----------



<a name=element></a>
#### \`element\` 
> Some description...
<div class=\\"block__element\\">…</div>
Elements using this class will change appearance when used inside [theme]
(../CONVENTIONS.md#theming) \`inverse\`.
The component will react to \`hover\`. states
###### Specifications

- **Tag:** div- **Mandatory:** false
----------


<a name=element-modifier></a>
#### \`element-modifier\` 
> Some description...
<div class=\\"block__element block__element--element-modifier\\">…</div>
Elements using this class will change appearance when used inside [theme]
(../CONVENTIONS.md#theming) \`inverse\`.
The component will react to \`hover\`. states
###### Specifications

- **Tag:** div- **Mandatory:** false
----------




<a name=Contributing></a>
#### Contributing
;

Please view the **[contribution guidelines](../CONVENTIONS.md)** before
modifying this component
."
`;
