// Jest Snapshot v1, https://goo.gl/fbAQLP

exports[`it works 1`] = `
"
        <a name=Component Overview></a>
        #### Component Overview
    | Class Name | Type | States | Tag |
|:-----|:-----|:-----|:-----|
| **[\`block\`](#block)** | [component](../CONVENTIONS.md#components) | \`is-dimmed\`. | N/A |
| **[\`modifier\`](#modifier)** | [modifier](../CONVENTIONS.md#modifiers) | \`is-something\`. | N/A |
| **[\`element\`](#element)** | [element](../CONVENTIONS.md#elements) | \`is-dimmed\`. | N/A |
| **[\`modifier\`](#modifier)** | [modifier](../CONVENTIONS.md#modifiers) | \`is-something\`. | N/A |


"
`;
