// Jest Snapshot v1, https://goo.gl/fbAQLP

exports[`it works for complex components 1`] = `
"
        ###### Table of contents
        
        
        
        
        - **[Component overview](#component-overview)**
        - **[Contributing](#contributing)**
    "
`;

exports[`it works for simple components 1`] = `
"
        ###### Table of contents
        
        
        
        
        - **[Component overview](#component-overview)**
        - **[Contributing](#contributing)**
    "
`;
